// Jest Snapshot v1, https://goo.gl/fbAQLP

exports[`<Header /> Snapshot 1`] = `
<header
  className="header"
>
  <section
    className="header-menu"
  >
    <div
      className="header-menu-close"
    >
      <svg
        className="header-menu-close__icon"
        fill="currentColor"
        height="1em"
        onClick={[Function]}
        stroke="currentColor"
        strokeWidth="0"
        style={
          Object {
            "color": undefined,
          }
        }
        viewBox="0 0 1024 1024"
        width="1em"
        xmlns="http://www.w3.org/2000/svg"
      >
        <path
          d="M512 64C264.6 64 64 264.6 64 512s200.6 448 448 448 448-200.6 448-448S759.4 64 512 64zm165.4 618.2l-66-.3L512 563.4l-99.3 118.4-66.1.3c-4.4 0-8-3.5-8-8 0-1.9.7-3.7 1.9-5.2l130.1-155L340.5 359a8.32 8.32 0 0 1-1.9-5.2c0-4.4 3.6-8 8-8l66.1.3L512 464.6l99.3-118.4 66-.3c4.4 0 8 3.5 8 8 0 1.9-.7 3.7-1.9 5.2L553.5 514l130 155c1.2 1.5 1.9 3.3 1.9 5.2 0 4.4-3.6 8-8 8z"
        />
      </svg>
    </div>
    <p
      className="header-menu__section"
      onClick={[Function]}
    >
      Home
    </p>
    <p
      className="header-menu__section"
      onClick={[Function]}
    >
      Log In
    </p>
    <p
      className="header-menu__section"
      onClick={[Function]}
    >
      Type Cars
    </p>
    <p
      className="header-menu__section"
      onClick={[Function]}
    >
      About
    </p>
  </section>
  <section
    className="header-show"
    id="header"
  >
    <svg
      className="header-show__icon-left"
      fill="currentColor"
      height="20px"
      onClick={[Function]}
      stroke="currentColor"
      strokeWidth="0"
      style={
        Object {
          "color": undefined,
        }
      }
      viewBox="0 0 24 24"
      width="20px"
      xmlns="http://www.w3.org/2000/svg"
    >
      <path
        d="M21 11L6.414 11 11.707 5.707 10.293 4.293 2.586 12 10.293 19.707 11.707 18.293 6.414 13 21 13z"
      />
    </svg>
    <h3
      className="header-show__title"
    >
      Find your car
    </h3>
    <nav
      className="header-show-nav"
    >
      <div
        className="header-show-nav-logo"
      >
        <img
          alt="Favicon"
          onClick={[Function]}
          src="https://firebasestorage.googleapis.com/v0/b/rentcarts.appspot.com/o/logo.png?alt=media&token=5392288a-fd79-4cfe-a99e-f4306ccedd88"
        />
      </div>
      <ul
        className="header-show-nav-list"
      >
        <li
          className="header-show-nav-list__item"
          onClick={[Function]}
        >
          Home
        </li>
        <li
          className="header-show-nav-list__item"
          onClick={[Function]}
        >
          Cars
        </li>
        <li
          className="header-show-nav-list__item"
          onClick={[Function]}
        >
          About
        </li>
        <li
          className="header-show-nav-list__item"
        >
          |
        </li>
        <li
          className="header-show-nav-list__item"
        >
          <button
            className="header-show-nav-list__item--button"
            onClick={[Function]}
          >
            Log In
          </button>
        </li>
      </ul>
    </nav>
    <div
      className="header-show-menu"
    >
      <svg
        className="header-show-menu-icon"
        fill="currentColor"
        height="20px"
        onClick={[Function]}
        stroke="currentColor"
        strokeWidth="0"
        style={
          Object {
            "color": undefined,
          }
        }
        viewBox="0 0 1024 1024"
        width="20px"
        xmlns="http://www.w3.org/2000/svg"
      >
        <path
          d="M904 160H120c-4.4 0-8 3.6-8 8v64c0 4.4 3.6 8 8 8h784c4.4 0 8-3.6 8-8v-64c0-4.4-3.6-8-8-8zm0 624H120c-4.4 0-8 3.6-8 8v64c0 4.4 3.6 8 8 8h784c4.4 0 8-3.6 8-8v-64c0-4.4-3.6-8-8-8zm0-312H120c-4.4 0-8 3.6-8 8v64c0 4.4 3.6 8 8 8h784c4.4 0 8-3.6 8-8v-64c0-4.4-3.6-8-8-8z"
        />
      </svg>
    </div>
  </section>
</header>
`;
